=== RUN   TestMainFunction
[?25l[2K[2mUse the arrow keys to navigate:[0m [2m↓[0m [2m↑[0m [2m→[0m [2m←[0m 
[2K[34m?[0m Choose input type: 
[2K  [1m▸[0m [4mSingle File[0m
[2K    Directory
[1A[2K[1A[2K[1A[2K[1A[2K[2K
[?25h
FAIL	github.com/t0nylombardi/optimus-image/src/optimus-image	0.356s
FAIL
